[INFO] Scanning for projects...
[INFO] ------------------------------------------------------------------------
[INFO] Detecting the operating system and CPU architecture
[INFO] ------------------------------------------------------------------------
[INFO] os.detected.name: windows
[INFO] os.detected.arch: x86_64
[INFO] os.detected.bitness: 64
[INFO] os.detected.version: 10.0
[INFO] os.detected.version.major: 10
[INFO] os.detected.version.minor: 0
[INFO] os.detected.classifier: windows-x86_64
[INFO] 
[INFO] ----------------< com.dsmessaging:ds-messaging-system >-----------------
[INFO] Building Distributed Messaging System 0.0.1-SNAPSHOT
[INFO]   from pom.xml
[INFO] --------------------------------[ jar ]---------------------------------
[WARNING] The artifact mysql:mysql-connector-java:jar:8.0.33 has been relocated to com.mysql:mysql-connector-j:jar:8.0.33: MySQL Connector/J artifacts moved to reverse-DNS compliant Maven 2+ coordinates.
[INFO] 
[INFO] --- protobuf:0.6.1:compile (default) @ ds-messaging-system ---
[INFO] Compiling 1 proto file(s) to C:\Users\lap.lk\IdeaProjects\DS-Messaging-System\target\generated-sources\protobuf\java
[INFO] 
[INFO] --- protobuf:0.6.1:compile-custom (default) @ ds-messaging-system ---
[INFO] Compiling 1 proto file(s) to C:\Users\lap.lk\IdeaProjects\DS-Messaging-System\target\generated-sources\protobuf\grpc-java
[INFO] 
[INFO] --- build-helper:3.4.0:add-source (add-source) @ ds-messaging-system ---
[INFO] Source directory: C:\Users\lap.lk\IdeaProjects\DS-Messaging-System\target\generated-sources\protobuf\java added.
[INFO] Source directory: C:\Users\lap.lk\IdeaProjects\DS-Messaging-System\target\generated-sources\protobuf\grpc-java added.
[INFO] 
[INFO] --- resources:3.3.1:resources (default-resources) @ ds-messaging-system ---
[INFO] Copying 2 resources from src\main\resources to target\classes
[INFO] Copying 1 resource from src\main\proto to target\classes
[INFO] Copying 1 resource from src\main\proto to target\classes
[INFO] 
[INFO] --- compiler:3.13.0:compile (default-compile) @ ds-messaging-system ---
[INFO] Recompiling the module because of changed source code.
[INFO] Compiling 58 source files with javac [debug target 11] to target\classes
[INFO] -------------------------------------------------------------
[WARNING] COMPILATION WARNING : 
[INFO] -------------------------------------------------------------
[WARNING] system modules path not set in conjunction with -source 11
[INFO] 1 warning
[INFO] -------------------------------------------------------------
[INFO] -------------------------------------------------------------
[ERROR] COMPILATION ERROR : 
[INFO] -------------------------------------------------------------
[ERROR] /C:/Users/lap.lk/IdeaProjects/DS-Messaging-System/src/main/java/com/dsmessaging/server/ServerNode.java:[315,37] cannot find symbol
  symbol:   method getStore()
  location: variable idempotencyStore of type com.dsmessaging.service.IdempotencyStore
[ERROR] /C:/Users/lap.lk/IdeaProjects/DS-Messaging-System/src/main/java/com/dsmessaging/service/MessageStore.java:[183,23] constructor Message in class com.dsmessaging.model.Message cannot be applied to given types;
  required: java.lang.String,java.lang.String,java.lang.String,java.lang.String,java.lang.String,java.lang.String,long,int,com.dsmessaging.model.MessageStatus,long
  found:    java.lang.String,java.lang.String,java.lang.String,java.lang.String
  reason: actual and formal argument lists differ in length
[ERROR] /C:/Users/lap.lk/IdeaProjects/DS-Messaging-System/src/main/java/com/dsmessaging/service/MessageStore.java:[191,12] cannot find symbol
  symbol:   method setCreatedAt(long)
  location: variable msg of type com.dsmessaging.model.Message
[ERROR] /C:/Users/lap.lk/IdeaProjects/DS-Messaging-System/src/main/java/com/dsmessaging/service/MessageStore.java:[193,12] cannot find symbol
  symbol:   method setClientRequestId(java.lang.String)
  location: variable msg of type com.dsmessaging.model.Message
[INFO] 4 errors 
[INFO] -------------------------------------------------------------
[INFO] ------------------------------------------------------------------------
[INFO] BUILD FAILURE
[INFO] ------------------------------------------------------------------------
[INFO] Total time:  5.591 s
[INFO] Finished at: 2026-04-05T00:49:50+05:30
[INFO] ------------------------------------------------------------------------
[ERROR] Failed to execute goal org.apache.maven.plugins:maven-compiler-plugin:3.13.0:compile (default-compile) on project ds-messaging-system: Compilation failure: Compilation failure: 
[ERROR] /C:/Users/lap.lk/IdeaProjects/DS-Messaging-System/src/main/java/com/dsmessaging/server/ServerNode.java:[315,37] cannot find symbol
[ERROR]   symbol:   method getStore()
[ERROR]   location: variable idempotencyStore of type com.dsmessaging.service.IdempotencyStore
[ERROR] /C:/Users/lap.lk/IdeaProjects/DS-Messaging-System/src/main/java/com/dsmessaging/service/MessageStore.java:[183,23] constructor Message in class com.dsmessaging.model.Message cannot be applied to given types;
[ERROR]   required: java.lang.String,java.lang.String,java.lang.String,java.lang.String,java.lang.String,java.lang.String,long,int,com.dsmessaging.model.MessageStatus,long
[ERROR]   found:    java.lang.String,java.lang.String,java.lang.String,java.lang.String
[ERROR]   reason: actual and formal argument lists differ in length
[ERROR] /C:/Users/lap.lk/IdeaProjects/DS-Messaging-System/src/main/java/com/dsmessaging/service/MessageStore.java:[191,12] cannot find symbol
[ERROR]   symbol:   method setCreatedAt(long)
[ERROR]   location: variable msg of type com.dsmessaging.model.Message
[ERROR] /C:/Users/lap.lk/IdeaProjects/DS-Messaging-System/src/main/java/com/dsmessaging/service/MessageStore.java:[193,12] cannot find symbol
[ERROR]   symbol:   method setClientRequestId(java.lang.String)
[ERROR]   location: variable msg of type com.dsmessaging.model.Message
[ERROR] -> [Help 1]
[ERROR] 
[ERROR] To see the full stack trace of the errors, re-run Maven with the -e switch.
[ERROR] Re-run Maven using the -X switch to enable full debug logging.
[ERROR] 
[ERROR] For more information about the errors and possible solutions, please read the following articles:
[ERROR] [Help 1] http://cwiki.apache.org/confluence/display/MAVEN/MojoFailureException
